[www.veteran-token.com/index.html]
[backblue.gif]
[fade.gif]
[index.html]
[www.veteran-token.com/images/favicon.png]
[www.veteran-token.com/vett-token.html]
[www.veteran-token.com/assets.squarespace.com/@sqs/polyfiller/1.6/legacy.js]
[www.veteran-token.com/assets.squarespace.com/@sqs/polyfiller/1.6/modern.js]
[www.veteran-token.com/assets.squarespace.com/universal/scripts-compressed/extract-css-runtime-f7a62af61e0cb1eb4abc-min.en-US.js]
[www.veteran-token.com/assets.squarespace.com/universal/scripts-compressed/cldr-resource-pack-15305921bb94c505cd92-min.en-US.js]
[www.veteran-token.com/assets.squarespace.com/universal/scripts-compressed/extract-css-moment-js-vendor-6f117db4eb7fd4392375-min.en-US.js]
[www.veteran-token.com/assets.squarespace.com/universal/scripts-compressed/common-vendors-stable-0f51b06fac4ba1f7c845-min.en-US.js]
[www.veteran-token.com/assets.squarespace.com/universal/scripts-compressed/performance-913bcbeed974f8312785-min.en-US.js]
[www.veteran-token.com/assets.squarespace.com/universal/scripts-compressed/common-vendors-48f7729e0964c8a54dd2-min.en-US.js]
[www.veteran-token.com/assets.squarespace.com/universal/scripts-compressed/common-8f8d47f047029922bc90-min.en-US.js]
[www.veteran-token.com/css/static.css]
[www.veteran-token.com/css/site.css]
[www.veteran-token.com/index-2.html]
[www.veteran-token.com/images/vettlogo.png]
[www.veteran-token.com/dapp/index.html]
[www.veteran-token.com/the-vett-token.html]
[www.veteran-token.com/images/VETT-Hero-Tear-ETH3.jpg]
[www.veteran-token.com/images/veteran_video.jpg]
[www.veteran-token.com/whitepaper.pdf]
[www.veteran-token.com/images/1080x1080-VETT-homeless-tear.png]
[www.veteran-token.com/images/1080x1080-VETT-family-tear.png]
[www.veteran-token.com/images/1080x1080-VETT-thankyou-tear.png]
[www.veteran-token.com/images/400x400_MIL-Launch-Icon.png]
[www.veteran-token.com/images/MIL_Phase2.png]
[www.veteran-token.com/images/MIL_Phase3.png]
[www.veteran-token.com/images/vote-box-tear.png]
[www.veteran-token.com/images/1080x1080-VETT-3soldiers-tear.png]
[www.veteran-token.com/images/Mil-wave-banner-tokens.png]
[www.veteran-token.com/images/VETT-ETH-transactions-box.png]
[www.veteran-token.com/images/Mil-wave-banner-profile.png]
[www.veteran-token.com/images/MIL2-Logo-vert-dark.png]
[www.veteran-token.com/index.html]
[www.veteran-token.com/images/MIL_hero-tear_BNB-Token.png]
[www.veteran-token.com/images/VETT-token.png]
[www.veteran-token.com/vett-token.html]
[www.veteran-token.com/assets.squarespace.com/universal/images-v6/damask/error-dark.png]
[www.veteran-token.com/assets.squarespace.com/universal/images-v6/damask/error-dark@2x.png]
[www.veteran-token.com/assets.squarespace.com/universal/images-v6/damask/play-button.png]
[www.veteran-token.com/assets.squarespace.com/universal/images-v6/damask/play-button@2x.png]
[www.veteran-token.com/assets.squarespace.com/universal/images-v6/damask/edit-aviary-light.png]
[www.veteran-token.com/assets.squarespace.com/universal/images-v6/damask/edit-aviary-light@2x.png]
[www.veteran-token.com/assets.squarespace.com/universal/images-v6/damask/edit-info-light.png]
[www.veteran-token.com/assets.squarespace.com/universal/images-v6/damask/edit-info-light@2x.png]
[www.veteran-token.com/css/site.css]
[www.veteran-token.com/css/static.css]
[www.veteran-token.com/cart.html]
[www.veteran-token.com/index-2.html]
[www.veteran-token.com/dapp/index.html]
[www.veteran-token.com/the-vett-token.html]
[www.veteran-token.com/images.squarespace-cdn.com/content/v1/619cffd09249da50a7b9cc6c/0825052b-252c-4fd2-ac3d-77dbcd4ba6ae/MIL_hero-tear_BNB-Token.html]
[www.veteran-token.com/assets.squarespace.com/universal/images-v6/damask/trash-9-light@2x.png]
[www.veteran-token.com/assets.squarespace.com/universal/images-v6/damask/trash-9-red@2x.png]
[www.veteran-token.com/assets.squarespace.com/universal/images-v6/damask/trash-9-red.png]
[www.veteran-token.com/assets.squarespace.com/universal/images-v6/damask/getty-16-light.png]
[www.veteran-token.com/assets.squarespace.com/universal/images-v6/damask/getty-32-light.png]
[www.veteran-token.com/assets.squarespace.com/universal/images-v6/damask/shopping-cart-16-light.png]
[www.veteran-token.com/assets.squarespace.com/universal/images-v6/icons/block-indicator-dark.png]
[www.veteran-token.com/assets.squarespace.com/universal/images-v6/damask/shopping-cart-32-light.png]
[www.veteran-token.com/assets.squarespace.com/universal/images-v6/icons/block-indicator-dark@2x.png]
[www.veteran-token.com/assets.squarespace.com/universal/images-v6/icons/opentable-icons.png]
[www.veteran-token.com/assets.squarespace.com/universal/images-v6/icons/icon-searchqueries-20-dark.png]
[www.veteran-token.com/assets.squarespace.com/universal/images-v6/icons/icon-searchqueries-20-light.png]
[www.veteran-token.com/assets.squarespace.com/universal/images-v6/icons/icon-video-24-light-solid.png]
[www.veteran-token.com/assets.squarespace.com/universal/images-v6/standard/icon_close_7_light.png]
[www.veteran-token.com/assets.squarespace.com/universal/images-v6/icons/icon-settings-16-light.png]
[www.veteran-token.com/dapp/wp-json/index.html]
[www.veteran-token.com/dapp/index-2.html]
[www.veteran-token.com/dapp/feed/index.html]
[www.veteran-token.com/dapp/wp-json/wp/v2/pages/578.html]
[www.veteran-token.com/dapp/xmlrpc0db00db0.html]
[www.veteran-token.com/dapp/wp-json/oembed/1.0/embed62546254.html]
[www.veteran-token.com/dapp/wp-content/plugins/multi-currency-wallet-pro/assets/css/bootstrap.min5b315b31.css]
[www.veteran-token.com/dapp/wp-content/plugins/multi-currency-wallet-pro/assets/css/fontawesome.mine956e956.css]
[www.veteran-token.com/dapp/wp-json/oembed/1.0/embed-14d9d4d9d.html]
[www.veteran-token.com/dapp/wp-content/plugins/multi-currency-wallet-pro/assets/css/stylee020e020.css]
[www.veteran-token.com/dapp/css10711071.html]
[www.veteran-token.com/dapp/wp-content/plugins/multi-currency-wallet-pro/vendors/swap/appe020e020.css]
[www.veteran-token.com/dapp/wp-content/plugins/multi-currency-wallet-pro/assets/css/swiper.min86868686.css]
[www.veteran-token.com/dapp/wp-includes/js/dist/vendor/wp-polyfill.min2c7c2c7c.js]
[www.veteran-token.com/dapp/wp-includes/js/dist/vendor/react-dom.min7a3b7a3b.js]
[www.veteran-token.com/dapp/wp-includes/js/dist/vendor/react.min7a3b7a3b.js]
[www.veteran-token.com/dapp/wp-content/plugins/multi-currency-wallet-pro/assets/js/swiper.min86868686.js]
[www.veteran-token.com/dapp/wp-includes/js/dist/vendor/wp-polyfill-inert.min02260226.js]
[www.veteran-token.com/dapp/wp-includes/js/dist/vendor/regenerator-runtime.min6c856c85.js]
[www.veteran-token.com/images/the_vett_token.png]
[www.veteran-token.com/dapp/wp-content/plugins/multi-currency-wallet-pro/includes/scripts/load-app.php]
[www.veteran-token.com/mil-eth.html]
[www.veteran-token.com/images/the_comingsoon.png]
[www.veteran-token.com/images/MIL_hero-tear_BNB-Token.png]
[www.veteran-token.com/619cffd09249da50a7b9cc6c/t/61a5001742660c71669acc8a/1638203415354/MIL2-Logo-vert-dark.png]
[www.veteran-token.com/dapp/feed/index.html]
[www.veteran-token.com/dapp/wp-json/index.html]
[www.veteran-token.com/dapp/wp-json/wp/v2/pages/578.html]
[www.veteran-token.com/dapp/xmlrpc0db00db0.html]
[www.veteran-token.com/dapp/toastlogo.png]
[www.veteran-token.com/dapp/wp-content/plugins/multi-currency-wallet-pro/vendors/swap/vendore020e020.js]
[www.veteran-token.com/dapp/index-3.html]
[www.veteran-token.com/dapp/index-2.html]
[www.veteran-token.com/assets.squarespace.com/universal/images-v6/damask/trash-9-light.png]
[www.veteran-token.com/dapp/_https_/wallet.wpmix.net/_.html]
[www.veteran-token.com/dapp/_https_/wallet.wpmix.net/embed/index.html]
[www.veteran-token.com/dapp/wp-json/oembed/1.0/t.html]
[www.veteran-token.com/dapp/wp-json/oembed/1.0/embed62546254.html]
[www.veteran-token.com/dapp/wp-json/oembed/1.0/embed-14d9d4d9d.html]
[www.veteran-token.com/dapp/wp-content/plugins/multi-currency-wallet-pro/assets/css/bootstrap.min5b315b31.css]
[www.veteran-token.com/dapp/wp-content/plugins/multi-currency-wallet-pro/assets/webfonts/fa-brands-400.woff]
[www.veteran-token.com/dapp/wp-content/plugins/multi-currency-wallet-pro/assets/webfonts/fa-regular-400.woff]
[www.veteran-token.com/dapp/wp-content/plugins/multi-currency-wallet-pro/assets/webfonts/fa-solid-900.woff]
[www.veteran-token.com/dapp/wp-content/plugins/multi-currency-wallet-pro/assets/css/fontawesome.mine956e956.css]
[www.veteran-token.com/dapp/wp-content/plugins/multi-currency-wallet-pro/assets/css/swiper.min86868686.css]
[www.veteran-token.com/dapp/wp-content/plugins/multi-currency-wallet-pro/assets/css/stylee020e020.css]
[www.veteran-token.com/dapp/css10711071.html]
[www.veteran-token.com/dapp/wp-content/plugins/multi-currency-wallet-pro/vendors/swap/images/flip_39e01d.svg]
[www.veteran-token.com/dapp/wp-content/plugins/multi-currency-wallet-pro/vendors/swap/fonts/manrope-thin.woff2]
[www.veteran-token.com/dapp/wp-content/plugins/multi-currency-wallet-pro/vendors/swap/fonts/manrope-light.woff2]
[www.veteran-token.com/dapp/wp-content/plugins/multi-currency-wallet-pro/vendors/swap/fonts/manrope-regular.woff2]
[www.veteran-token.com/dapp/wp-content/plugins/multi-currency-wallet-pro/vendors/swap/fonts/manrope-medium.woff2]
[www.veteran-token.com/dapp/wp-content/plugins/multi-currency-wallet-pro/vendors/swap/fonts/manrope-semibold.woff2]
[www.veteran-token.com/dapp/wp-content/plugins/multi-currency-wallet-pro/vendors/swap/fonts/manrope-bold.woff2]
[www.veteran-token.com/dapp/wp-content/plugins/multi-currency-wallet-pro/vendors/swap/images/close_71fc38.svg]
[www.veteran-token.com/dapp/wp-content/plugins/multi-currency-wallet-pro/vendors/swap/appe020e020.css]
[www.veteran-token.com/wallet.wpmix.net/wp-includes/js/jquery/jquery.min.js]
[www.veteran-token.com/itez.swaponline.io/index771f.html]
[www.veteran-token.com/dapp/wp-content/plugins/multi-currency-wallet-pro/includes/scripts/load-app.php]
[www.veteran-token.com/images.squarespace-cdn.com/content/v1/619cffd09249da50a7b9cc6c/4db344bd-7856-424d-a58c-19ba382e832a/soldier-walking-crypto-mix.png]
[cdnjs.cloudflare.com/ajax/libs/pdf.js/2.10.377/pdf.min.js]
[www.veteran-token.com/mil-eth.html]
[www.veteran-token.com/dapp/index-3.html]
[cdnjs.cloudflare.com/ajax/libs/pdf.js/2.10.377/pdf.worker.min.js]
[maxcdn.bootstrapcdn.com/bootstrap/3.3.7/css/bootstrap.min.css]
[www.veteran-token.com/dapp/_https_/wallet.wpmix.net/_.html]
[www.veteran-token.com/dapp/_https_/wallet.wpmix.net/embed/index.html]
[www.veteran-token.com/dapp/wp-json/oembed/1.0/t.html]
[www.veteran-token.com/dapp/wp-content/plugins/multi-currency-wallet-pro/vendors/swap/images/flip_39e01d.svg]
[www.veteran-token.com/dapp/wp-content/plugins/multi-currency-wallet-pro/vendors/swap/images/accept_b4e782.svg]
[www.veteran-token.com/dapp/wp-content/plugins/multi-currency-wallet-pro/vendors/swap/images/close_71fc38.svg]
[vett.swipeplug.com/images/veteran.png]
[www.veteran-token.com/dapp/wp-content/plugins/multi-currency-wallet-pro/includes/scripts/=.html]
[www.veteran-token.com/htdocs_error/style.html]
[maxcdn.bootstrapcdn.com/bootstrap/3.3.7/css/bootstrap.min.css]
[www.veteran-token.com/htdocs_error/something-lost.html]
[vett.swipeplug.com/images/VETT-Hero-Tear-ETH3.jpg]
[www.google-analytics.com/analytics.js]
